[INFO] Scanning for projects...
[INFO] 
[INFO] --------------------< com.muk:muk-website-backend >---------------------
[INFO] Building muk-website-backend 1.0.0
[INFO]   from pom.xml
[INFO] --------------------------------[ jar ]---------------------------------
[INFO] 
[INFO] >>> spring-boot:3.2.5:run (default-cli) > test-compile @ muk-website-backend >>>
[INFO] 
[INFO] --- resources:3.3.1:resources (default-resources) @ muk-website-backend ---
[INFO] Copying 1 resource from src\main\resources to target\classes
[INFO] Copying 0 resource from src\main\resources to target\classes
[INFO] 
[INFO] --- compiler:3.11.0:compile (default-compile) @ muk-website-backend ---
[INFO] Nothing to compile - all classes are up to date
[INFO] 
[INFO] --- resources:3.3.1:testResources (default-testResources) @ muk-website-backend ---
[INFO] Copying 1 resource from src\test\resources to target\test-classes
[INFO] 
[INFO] --- compiler:3.11.0:testCompile (default-testCompile) @ muk-website-backend ---
[INFO] Nothing to compile - all classes are up to date
[INFO] 
[INFO] <<< spring-boot:3.2.5:run (default-cli) < test-compile @ muk-website-backend <<<
[INFO] 
[INFO] 
[INFO] --- spring-boot:3.2.5:run (default-cli) @ muk-website-backend ---
[INFO] Attaching agents: []

  .   ____          _            __ _ _
 /\\ / ___'_ __ _ _(_)_ __  __ _ \ \ \ \
( ( )\___ | '_ | '_| | '_ \/ _` | \ \ \ \
 \\/  ___)| |_)| | | | | || (_| |  ) ) ) )
  '  |____| .__|_| |_|_| |_\__, | / / / /
 =========|_|==============|___/=/_/_/_/
 :: Spring Boot ::                (v3.2.5)

23:05:35.461 INFO  com.muk.MukApplication - Starting MukApplication using Java 21.0.10 with PID 11068 (C:\Users\samue\vsc\proyecto-desarrollo-web\target\classes started by samue in C:\Users\samue\vsc\proyecto-desarrollo-web)
23:05:35.463 INFO  com.muk.MukApplication - The following 1 profile is active: "test"
23:05:35.512 INFO  o.s.b.d.e.DevToolsPropertyDefaultsPostProcessor - Devtools property defaults active! Set 'spring.devtools.add-properties' to 'false' to disable
23:05:35.513 INFO  o.s.b.d.e.DevToolsPropertyDefaultsPostProcessor - For additional web related logging consider setting the 'logging.level.web' property to 'DEBUG'
23:05:36.055 INFO  o.s.d.r.c.RepositoryConfigurationDelegate - Bootstrapping Spring Data JPA repositories in DEFAULT mode.
23:05:36.154 INFO  o.s.d.r.c.RepositoryConfigurationDelegate - Finished Spring Data repository scanning in 94 ms. Found 13 JPA repository interfaces.
23:05:36.591 INFO  o.s.b.w.e.t.TomcatWebServer - Tomcat initialized with port 8080 (http)
23:05:36.605 INFO  o.a.c.c.StandardService - Starting service [Tomcat]
23:05:36.605 INFO  o.a.c.c.StandardEngine - Starting Servlet engine: [Apache Tomcat/10.1.20]
23:05:36.645 INFO  o.a.c.c.C.[.[.[/] - Initializing Spring embedded WebApplicationContext
23:05:36.645 INFO  o.s.b.w.s.c.ServletWebServerApplicationContext - Root WebApplicationContext: initialization completed in 1132 ms
23:05:36.670 INFO  c.z.h.HikariDataSource - HikariPool-1 - Starting...
23:05:36.804 INFO  c.z.h.pool.HikariPool - HikariPool-1 - Added connection conn0: url=jdbc:h2:mem:mukdb user=SA
23:05:36.805 INFO  c.z.h.HikariDataSource - HikariPool-1 - Start completed.
23:05:36.813 INFO  o.s.b.a.h.H2ConsoleAutoConfiguration - H2 console available at '/h2-console'. Database available at 'jdbc:h2:mem:mukdb'
23:05:36.915 INFO  o.h.j.i.util.LogHelper - HHH000204: Processing PersistenceUnitInfo [name: default]
23:05:36.955 INFO  org.hibernate.Version - HHH000412: Hibernate ORM core version 6.4.4.Final
23:05:36.979 INFO  o.h.c.i.RegionFactoryInitiator - HHH000026: Second-level cache disabled
23:05:37.158 INFO  o.s.o.j.p.SpringPersistenceUnitInfo - No LoadTimeWeaver setup: ignoring JPA class transformer
23:05:38.098 INFO  o.h.e.t.j.p.i.JtaPlatformInitiator - HHH000489: No JTA platform available (set 'hibernate.transaction.jta.platform' to enable JTA platform integration)
Hibernate: drop table if exists adiciones cascade 
Hibernate: drop table if exists administradores cascade 
Hibernate: drop table if exists carritos cascade 
Hibernate: drop table if exists categorias cascade 
Hibernate: drop table if exists clientes cascade 
Hibernate: drop table if exists domiciliarios cascade 
Hibernate: drop table if exists item_carrito cascade 
Hibernate: drop table if exists item_pedido cascade 
Hibernate: drop table if exists operadores cascade 
Hibernate: drop table if exists pedidos cascade 
Hibernate: drop table if exists producto_adicional cascade 
Hibernate: drop table if exists productos cascade 
Hibernate: drop table if exists seleccion_adicional cascade 
Hibernate: drop table if exists seleccion_adicional_pedido cascade 
Hibernate: create table adiciones (activo boolean not null, precio float(53) not null, categoria_id bigint, id bigint generated by default as identity, nombre varchar(80) not null, primary key (id))
Hibernate: create table administradores (id bigint generated by default as identity, usuario varchar(50) not null unique, contraseña_hash varchar(100) not null, primary key (id))
Hibernate: create table carritos (cliente_id bigint not null unique, id bigint generated by default as identity, ultima_actualizacion timestamp(6) not null, primary key (id))
Hibernate: create table categorias (id bigint generated by default as identity, nombre varchar(50) not null unique, description varchar(255), primary key (id))
Hibernate: create table clientes (id bigint generated by default as identity, telefono varchar(20) not null, apellido varchar(80) not null, nombre varchar(80) not null, contraseña_hash varchar(100) not null, email varchar(120) not null unique, direccion varchar(150) not null, primary key (id))
Hibernate: create table domiciliarios (activo boolean not null, disponible boolean not null, id bigint generated by default as identity, cedula varchar(20) not null unique, celular varchar(20) not null unique, nombre varchar(80) not null, primary key (id))
Hibernate: create table item_carrito (cantidad integer not null, precio_unitario float(53) not null, carrito_id bigint not null, id bigint generated by default as identity, producto_id bigint not null, primary key (id))
Hibernate: create table item_pedido (cantidad integer not null, precio_unitario float(53) not null, id bigint generated by default as identity, pedido_id bigint not null, producto_id bigint not null, primary key (id))
Hibernate: create table operadores (activo boolean not null, id bigint generated by default as identity, usuario varchar(50) not null unique, nombre varchar(80) not null, contraseña_hash varchar(100) not null, primary key (id))
Hibernate: create table pedidos (cantidad_adiciones integer not null, cantidad_productos integer not null, cliente_id bigint not null, domiciliario_id bigint, fecha_creacion timestamp(6) not null, fecha_entrega timestamp(6), id bigint generated by default as identity, operador_id bigint, estado varchar(30) not null, primary key (id))
Hibernate: create table producto_adicional (adicional_id bigint not null, producto_id bigint not null)
Hibernate: create table productos (activo boolean not null, precio float(53) not null, categoria_id bigint not null, id bigint generated by default as identity, nombre varchar(100) not null unique, descripcion varchar(500) not null, imagen_url varchar(255) not null, primary key (id))
Hibernate: create table seleccion_adicional (precio float(53) not null, adicional_id bigint not null, id bigint generated by default as identity, item_carrito_id bigint not null, primary key (id))
Hibernate: create table seleccion_adicional_pedido (precio float(53) not null, adicional_id bigint not null, id bigint generated by default as identity, item_pedido_id bigint not null, primary key (id))
Hibernate: alter table if exists adiciones add constraint FKrblbdmv619n8ek9qg29ukbt53 foreign key (categoria_id) references categorias
Hibernate: alter table if exists carritos add constraint FKnxakr2a54l3yo8beiueoqr871 foreign key (cliente_id) references clientes
Hibernate: alter table if exists item_carrito add constraint FK8fr6xn504subiyopd73j7thy1 foreign key (carrito_id) references carritos
Hibernate: alter table if exists item_carrito add constraint FK56pta5ak42wucf5fidc7b91fx foreign key (producto_id) references productos
Hibernate: alter table if exists item_pedido add constraint FKq6cx2t1dh4ikg93nvlpumswxx foreign key (pedido_id) references pedidos
Hibernate: alter table if exists item_pedido add constraint FKptqdg8qj9x0puxaanbngkehce foreign key (producto_id) references productos
Hibernate: alter table if exists pedidos add constraint FKg7202lk0hwxn04bmdl2thth5b foreign key (cliente_id) references clientes
Hibernate: alter table if exists pedidos add constraint FKp23vs548pjvr78cm1hq5libtv foreign key (domiciliario_id) references domiciliarios
Hibernate: alter table if exists pedidos add constraint FK5r89flwvv9ll2q1ra5bjf2ue2 foreign key (operador_id) references operadores
Hibernate: alter table if exists producto_adicional add constraint FKnfug8dy017nk4k2u7jn8vgvno foreign key (adicional_id) references adiciones
Hibernate: alter table if exists producto_adicional add constraint FK2uw390qbimox6dg7biaobkp54 foreign key (producto_id) references productos
Hibernate: alter table if exists productos add constraint FK2fwq10nwymfv7fumctxt9vpgb foreign key (categoria_id) references categorias
Hibernate: alter table if exists seleccion_adicional add constraint FKl7xvwy34m9wvquf0v36vndly2 foreign key (adicional_id) references adiciones
Hibernate: alter table if exists seleccion_adicional add constraint FKpromepiuf2ftyigdgaaqll4s foreign key (item_carrito_id) references item_carrito
Hibernate: alter table if exists seleccion_adicional_pedido add constraint FK85335gerfyo7swtyxjj7fqsfx foreign key (adicional_id) references adiciones
Hibernate: alter table if exists seleccion_adicional_pedido add constraint FKgwl7lr81k12olt2ryqov19ppq foreign key (item_pedido_id) references item_pedido
23:05:38.170 INFO  o.s.o.j.LocalContainerEntityManagerFactoryBean - Initialized JPA EntityManagerFactory for persistence unit 'default'
23:05:38.480 INFO  o.s.d.j.r.q.QueryEnhancerFactory - Hibernate is in classpath; If applicable, HQL parser will be used.
23:05:38.847 WARN  o.s.b.a.o.j.JpaBaseConfiguration$JpaWebConfiguration - spring.jpa.open-in-view is enabled by default. Therefore, database queries may be performed during view rendering. Explicitly configure spring.jpa.open-in-view to disable this warning
23:05:38.859 INFO  o.s.b.a.w.s.WelcomePageHandlerMapping - Adding welcome page: class path resource [spa/index.html]
23:05:39.095 INFO  o.s.b.d.a.OptionalLiveReloadServer - LiveReload server is running on port 35729
23:05:39.121 INFO  o.s.b.w.e.t.TomcatWebServer - Tomcat started on port 8080 (http) with context path ''
23:05:39.125 INFO  com.muk.MukApplication - Started MukApplication in 3.933 seconds (process running for 4.217)
Hibernate: select count(*) from categorias c1_0
Hibernate: insert into categorias (description,nombre,id) values (?,?,default)
Hibernate: insert into categorias (description,nombre,id) values (?,?,default)
Hibernate: insert into categorias (description,nombre,id) values (?,?,default)
Hibernate: insert into categorias (description,nombre,id) values (?,?,default)
Hibernate: insert into categorias (description,nombre,id) values (?,?,default)
Hibernate: select count(*) from adiciones a1_0
Hibernate: select c1_0.id,c1_0.description,c1_0.nombre from categorias c1_0
Hibernate: insert into adiciones (activo,categoria_id,nombre,precio,id) values (?,?,?,?,default)
Hibernate: insert into adiciones (activo,categoria_id,nombre,precio,id) values (?,?,?,?,default)
Hibernate: insert into adiciones (activo,categoria_id,nombre,precio,id) values (?,?,?,?,default)
Hibernate: insert into adiciones (activo,categoria_id,nombre,precio,id) values (?,?,?,?,default)
Hibernate: insert into adiciones (activo,categoria_id,nombre,precio,id) values (?,?,?,?,default)
Hibernate: insert into adiciones (activo,categoria_id,nombre,precio,id) values (?,?,?,?,default)
Hibernate: insert into adiciones (activo,categoria_id,nombre,precio,id) values (?,?,?,?,default)
Hibernate: insert into adiciones (activo,categoria_id,nombre,precio,id) values (?,?,?,?,default)
Hibernate: insert into adiciones (activo,categoria_id,nombre,precio,id) values (?,?,?,?,default)
Hibernate: insert into adiciones (activo,categoria_id,nombre,precio,id) values (?,?,?,?,default)
Hibernate: insert into adiciones (activo,categoria_id,nombre,precio,id) values (?,?,?,?,default)
Hibernate: insert into adiciones (activo,categoria_id,nombre,precio,id) values (?,?,?,?,default)
Hibernate: insert into adiciones (activo,categoria_id,nombre,precio,id) values (?,?,?,?,default)
Hibernate: insert into adiciones (activo,categoria_id,nombre,precio,id) values (?,?,?,?,default)
Hibernate: insert into adiciones (activo,categoria_id,nombre,precio,id) values (?,?,?,?,default)
Hibernate: insert into adiciones (activo,categoria_id,nombre,precio,id) values (?,?,?,?,default)
Hibernate: insert into adiciones (activo,categoria_id,nombre,precio,id) values (?,?,?,?,default)
Hibernate: insert into adiciones (activo,categoria_id,nombre,precio,id) values (?,?,?,?,default)
Hibernate: insert into adiciones (activo,categoria_id,nombre,precio,id) values (?,?,?,?,default)
Hibernate: insert into adiciones (activo,categoria_id,nombre,precio,id) values (?,?,?,?,default)
Hibernate: insert into adiciones (activo,categoria_id,nombre,precio,id) values (?,?,?,?,default)
Hibernate: insert into adiciones (activo,categoria_id,nombre,precio,id) values (?,?,?,?,default)
Hibernate: insert into adiciones (activo,categoria_id,nombre,precio,id) values (?,?,?,?,default)
Hibernate: insert into adiciones (activo,categoria_id,nombre,precio,id) values (?,?,?,?,default)
Hibernate: insert into adiciones (activo,categoria_id,nombre,precio,id) values (?,?,?,?,default)
Hibernate: select count(*) from productos p1_0
Hibernate: select c1_0.id,c1_0.description,c1_0.nombre from categorias c1_0
Hibernate: insert into productos (activo,categoria_id,descripcion,imagen_url,nombre,precio,id) values (?,?,?,?,?,?,default)
Hibernate: insert into productos (activo,categoria_id,descripcion,imagen_url,nombre,precio,id) values (?,?,?,?,?,?,default)
Hibernate: insert into productos (activo,categoria_id,descripcion,imagen_url,nombre,precio,id) values (?,?,?,?,?,?,default)
Hibernate: insert into productos (activo,categoria_id,descripcion,imagen_url,nombre,precio,id) values (?,?,?,?,?,?,default)
Hibernate: insert into productos (activo,categoria_id,descripcion,imagen_url,nombre,precio,id) values (?,?,?,?,?,?,default)
Hibernate: insert into productos (activo,categoria_id,descripcion,imagen_url,nombre,precio,id) values (?,?,?,?,?,?,default)
Hibernate: insert into productos (activo,categoria_id,descripcion,imagen_url,nombre,precio,id) values (?,?,?,?,?,?,default)
Hibernate: insert into productos (activo,categoria_id,descripcion,imagen_url,nombre,precio,id) values (?,?,?,?,?,?,default)
Hibernate: insert into productos (activo,categoria_id,descripcion,imagen_url,nombre,precio,id) values (?,?,?,?,?,?,default)
Hibernate: insert into productos (activo,categoria_id,descripcion,imagen_url,nombre,precio,id) values (?,?,?,?,?,?,default)
Hibernate: insert into productos (activo,categoria_id,descripcion,imagen_url,nombre,precio,id) values (?,?,?,?,?,?,default)
Hibernate: insert into productos (activo,categoria_id,descripcion,imagen_url,nombre,precio,id) values (?,?,?,?,?,?,default)
Hibernate: insert into productos (activo,categoria_id,descripcion,imagen_url,nombre,precio,id) values (?,?,?,?,?,?,default)
Hibernate: insert into productos (activo,categoria_id,descripcion,imagen_url,nombre,precio,id) values (?,?,?,?,?,?,default)
Hibernate: insert into productos (activo,categoria_id,descripcion,imagen_url,nombre,precio,id) values (?,?,?,?,?,?,default)
Hibernate: insert into productos (activo,categoria_id,descripcion,imagen_url,nombre,precio,id) values (?,?,?,?,?,?,default)
Hibernate: insert into productos (activo,categoria_id,descripcion,imagen_url,nombre,precio,id) values (?,?,?,?,?,?,default)
Hibernate: insert into productos (activo,categoria_id,descripcion,imagen_url,nombre,precio,id) values (?,?,?,?,?,?,default)
Hibernate: insert into productos (activo,categoria_id,descripcion,imagen_url,nombre,precio,id) values (?,?,?,?,?,?,default)
Hibernate: insert into productos (activo,categoria_id,descripcion,imagen_url,nombre,precio,id) values (?,?,?,?,?,?,default)
Hibernate: insert into productos (activo,categoria_id,descripcion,imagen_url,nombre,precio,id) values (?,?,?,?,?,?,default)
Hibernate: insert into productos (activo,categoria_id,descripcion,imagen_url,nombre,precio,id) values (?,?,?,?,?,?,default)
Hibernate: insert into productos (activo,categoria_id,descripcion,imagen_url,nombre,precio,id) values (?,?,?,?,?,?,default)
Hibernate: insert into productos (activo,categoria_id,descripcion,imagen_url,nombre,precio,id) values (?,?,?,?,?,?,default)
Hibernate: insert into productos (activo,categoria_id,descripcion,imagen_url,nombre,precio,id) values (?,?,?,?,?,?,default)
Hibernate: insert into productos (activo,categoria_id,descripcion,imagen_url,nombre,precio,id) values (?,?,?,?,?,?,default)
Hibernate: insert into productos (activo,categoria_id,descripcion,imagen_url,nombre,precio,id) values (?,?,?,?,?,?,default)
Hibernate: insert into productos (activo,categoria_id,descripcion,imagen_url,nombre,precio,id) values (?,?,?,?,?,?,default)
Hibernate: insert into productos (activo,categoria_id,descripcion,imagen_url,nombre,precio,id) values (?,?,?,?,?,?,default)
Hibernate: insert into productos (activo,categoria_id,descripcion,imagen_url,nombre,precio,id) values (?,?,?,?,?,?,default)
Hibernate: insert into productos (activo,categoria_id,descripcion,imagen_url,nombre,precio,id) values (?,?,?,?,?,?,default)
Hibernate: insert into productos (activo,categoria_id,descripcion,imagen_url,nombre,precio,id) values (?,?,?,?,?,?,default)
Hibernate: insert into productos (activo,categoria_id,descripcion,imagen_url,nombre,precio,id) values (?,?,?,?,?,?,default)
Hibernate: insert into productos (activo,categoria_id,descripcion,imagen_url,nombre,precio,id) values (?,?,?,?,?,?,default)
Hibernate: insert into productos (activo,categoria_id,descripcion,imagen_url,nombre,precio,id) values (?,?,?,?,?,?,default)
Hibernate: insert into productos (activo,categoria_id,descripcion,imagen_url,nombre,precio,id) values (?,?,?,?,?,?,default)
Hibernate: insert into productos (activo,categoria_id,descripcion,imagen_url,nombre,precio,id) values (?,?,?,?,?,?,default)
Hibernate: insert into productos (activo,categoria_id,descripcion,imagen_url,nombre,precio,id) values (?,?,?,?,?,?,default)
Hibernate: insert into productos (activo,categoria_id,descripcion,imagen_url,nombre,precio,id) values (?,?,?,?,?,?,default)
Hibernate: insert into productos (activo,categoria_id,descripcion,imagen_url,nombre,precio,id) values (?,?,?,?,?,?,default)
Hibernate: select p1_0.id,p1_0.activo,p1_0.categoria_id,p1_0.descripcion,p1_0.imagen_url,p1_0.nombre,p1_0.precio from productos p1_0
Hibernate: select c1_0.id,c1_0.description,c1_0.nombre from categorias c1_0 where c1_0.id=?
Hibernate: select c1_0.id,c1_0.description,c1_0.nombre from categorias c1_0 where c1_0.id=?
Hibernate: select c1_0.id,c1_0.description,c1_0.nombre from categorias c1_0 where c1_0.id=?
Hibernate: select c1_0.id,c1_0.description,c1_0.nombre from categorias c1_0 where c1_0.id=?
Hibernate: select c1_0.id,c1_0.description,c1_0.nombre from categorias c1_0 where c1_0.id=?
Hibernate: select a1_0.id,a1_0.activo,a1_0.categoria_id,a1_0.nombre,a1_0.precio from adiciones a1_0
Hibernate: select c1_0.id,c1_0.description,c1_0.nombre from categorias c1_0 where c1_0.id=?
Hibernate: select c1_0.id,c1_0.description,c1_0.nombre from categorias c1_0 where c1_0.id=?
Hibernate: select c1_0.id,c1_0.description,c1_0.nombre from categorias c1_0 where c1_0.id=?
Hibernate: select c1_0.id,c1_0.description,c1_0.nombre from categorias c1_0 where c1_0.id=?
Hibernate: select c1_0.id,c1_0.description,c1_0.nombre from categorias c1_0 where c1_0.id=?
Hibernate: select p1_0.id,p1_0.activo,p1_0.categoria_id,c1_0.id,c1_0.description,c1_0.nombre,p1_0.descripcion,p1_0.imagen_url,p1_0.nombre,p1_0.precio from productos p1_0 join categorias c1_0 on c1_0.id=p1_0.categoria_id where p1_0.id=?
Hibernate: select ap1_0.producto_id,ap1_1.id,ap1_1.activo,c1_0.id,c1_0.description,c1_0.nombre,ap1_1.nombre,ap1_1.precio from producto_adicional ap1_0 join adiciones ap1_1 on ap1_1.id=ap1_0.adicional_id left join categorias c1_0 on c1_0.id=ap1_1.categoria_id where ap1_0.producto_id=?
Hibernate: select a1_0.id,a1_0.activo,c1_0.id,c1_0.description,c1_0.nombre,a1_0.nombre,a1_0.precio from adiciones a1_0 left join categorias c1_0 on c1_0.id=a1_0.categoria_id where a1_0.id=?
Hibernate: select a1_0.id,a1_0.activo,c1_0.id,c1_0.description,c1_0.nombre,a1_0.nombre,a1_0.precio from adiciones a1_0 left join categorias c1_0 on c1_0.id=a1_0.categoria_id where a1_0.id=?
Hibernate: select a1_0.id,a1_0.activo,c1_0.id,c1_0.description,c1_0.nombre,a1_0.nombre,a1_0.precio from adiciones a1_0 left join categorias c1_0 on c1_0.id=a1_0.categoria_id where a1_0.id=?
Hibernate: select a1_0.id,a1_0.activo,c1_0.id,c1_0.description,c1_0.nombre,a1_0.nombre,a1_0.precio from adiciones a1_0 left join categorias c1_0 on c1_0.id=a1_0.categoria_id where a1_0.id=?
Hibernate: select a1_0.id,a1_0.activo,c1_0.id,c1_0.description,c1_0.nombre,a1_0.nombre,a1_0.precio from adiciones a1_0 left join categorias c1_0 on c1_0.id=a1_0.categoria_id where a1_0.id=?
Hibernate: select p1_0.id,p1_0.activo,p1_0.categoria_id,c1_0.id,c1_0.description,c1_0.nombre,p1_0.descripcion,p1_0.imagen_url,p1_0.nombre,p1_0.precio from productos p1_0 join categorias c1_0 on c1_0.id=p1_0.categoria_id where p1_0.id=?
Hibernate: select ap1_0.producto_id,ap1_1.id,ap1_1.activo,c1_0.id,c1_0.description,c1_0.nombre,ap1_1.nombre,ap1_1.precio from producto_adicional ap1_0 join adiciones ap1_1 on ap1_1.id=ap1_0.adicional_id left join categorias c1_0 on c1_0.id=ap1_1.categoria_id where ap1_0.producto_id=?
Hibernate: select a1_0.id,a1_0.activo,c1_0.id,c1_0.description,c1_0.nombre,a1_0.nombre,a1_0.precio from adiciones a1_0 left join categorias c1_0 on c1_0.id=a1_0.categoria_id where a1_0.id=?
Hibernate: select a1_0.id,a1_0.activo,c1_0.id,c1_0.description,c1_0.nombre,a1_0.nombre,a1_0.precio from adiciones a1_0 left join categorias c1_0 on c1_0.id=a1_0.categoria_id where a1_0.id=?
Hibernate: select a1_0.id,a1_0.activo,c1_0.id,c1_0.description,c1_0.nombre,a1_0.nombre,a1_0.precio from adiciones a1_0 left join categorias c1_0 on c1_0.id=a1_0.categoria_id where a1_0.id=?
Hibernate: select a1_0.id,a1_0.activo,c1_0.id,c1_0.description,c1_0.nombre,a1_0.nombre,a1_0.precio from adiciones a1_0 left join categorias c1_0 on c1_0.id=a1_0.categoria_id where a1_0.id=?
Hibernate: select a1_0.id,a1_0.activo,c1_0.id,c1_0.description,c1_0.nombre,a1_0.nombre,a1_0.precio from adiciones a1_0 left join categorias c1_0 on c1_0.id=a1_0.categoria_id where a1_0.id=?
Hibernate: select p1_0.id,p1_0.activo,p1_0.categoria_id,c1_0.id,c1_0.description,c1_0.nombre,p1_0.descripcion,p1_0.imagen_url,p1_0.nombre,p1_0.precio from productos p1_0 join categorias c1_0 on c1_0.id=p1_0.categoria_id where p1_0.id=?
Hibernate: select ap1_0.producto_id,ap1_1.id,ap1_1.activo,c1_0.id,c1_0.description,c1_0.nombre,ap1_1.nombre,ap1_1.precio from producto_adicional ap1_0 join adiciones ap1_1 on ap1_1.id=ap1_0.adicional_id left join categorias c1_0 on c1_0.id=ap1_1.categoria_id where ap1_0.producto_id=?
Hibernate: select a1_0.id,a1_0.activo,c1_0.id,c1_0.description,c1_0.nombre,a1_0.nombre,a1_0.precio from adiciones a1_0 left join categorias c1_0 on c1_0.id=a1_0.categoria_id where a1_0.id=?
Hibernate: select a1_0.id,a1_0.activo,c1_0.id,c1_0.description,c1_0.nombre,a1_0.nombre,a1_0.precio from adiciones a1_0 left join categorias c1_0 on c1_0.id=a1_0.categoria_id where a1_0.id=?
Hibernate: select a1_0.id,a1_0.activo,c1_0.id,c1_0.description,c1_0.nombre,a1_0.nombre,a1_0.precio from adiciones a1_0 left join categorias c1_0 on c1_0.id=a1_0.categoria_id where a1_0.id=?
Hibernate: select a1_0.id,a1_0.activo,c1_0.id,c1_0.description,c1_0.nombre,a1_0.nombre,a1_0.precio from adiciones a1_0 left join categorias c1_0 on c1_0.id=a1_0.categoria_id where a1_0.id=?
Hibernate: select a1_0.id,a1_0.activo,c1_0.id,c1_0.description,c1_0.nombre,a1_0.nombre,a1_0.precio from adiciones a1_0 left join categorias c1_0 on c1_0.id=a1_0.categoria_id where a1_0.id=?
Hibernate: select p1_0.id,p1_0.activo,p1_0.categoria_id,c1_0.id,c1_0.description,c1_0.nombre,p1_0.descripcion,p1_0.imagen_url,p1_0.nombre,p1_0.precio from productos p1_0 join categorias c1_0 on c1_0.id=p1_0.categoria_id where p1_0.id=?
Hibernate: select ap1_0.producto_id,ap1_1.id,ap1_1.activo,c1_0.id,c1_0.description,c1_0.nombre,ap1_1.nombre,ap1_1.precio from producto_adicional ap1_0 join adiciones ap1_1 on ap1_1.id=ap1_0.adicional_id left join categorias c1_0 on c1_0.id=ap1_1.categoria_id where ap1_0.producto_id=?
Hibernate: select a1_0.id,a1_0.activo,c1_0.id,c1_0.description,c1_0.nombre,a1_0.nombre,a1_0.precio from adiciones a1_0 left join categorias c1_0 on c1_0.id=a1_0.categoria_id where a1_0.id=?
Hibernate: select a1_0.id,a1_0.activo,c1_0.id,c1_0.description,c1_0.nombre,a1_0.nombre,a1_0.precio from adiciones a1_0 left join categorias c1_0 on c1_0.id=a1_0.categoria_id where a1_0.id=?
Hibernate: select a1_0.id,a1_0.activo,c1_0.id,c1_0.description,c1_0.nombre,a1_0.nombre,a1_0.precio from adiciones a1_0 left join categorias c1_0 on c1_0.id=a1_0.categoria_id where a1_0.id=?
Hibernate: select a1_0.id,a1_0.activo,c1_0.id,c1_0.description,c1_0.nombre,a1_0.nombre,a1_0.precio from adiciones a1_0 left join categorias c1_0 on c1_0.id=a1_0.categoria_id where a1_0.id=?
Hibernate: select a1_0.id,a1_0.activo,c1_0.id,c1_0.description,c1_0.nombre,a1_0.nombre,a1_0.precio from adiciones a1_0 left join categorias c1_0 on c1_0.id=a1_0.categoria_id where a1_0.id=?
Hibernate: select p1_0.id,p1_0.activo,p1_0.categoria_id,c1_0.id,c1_0.description,c1_0.nombre,p1_0.descripcion,p1_0.imagen_url,p1_0.nombre,p1_0.precio from productos p1_0 join categorias c1_0 on c1_0.id=p1_0.categoria_id where p1_0.id=?
Hibernate: select ap1_0.producto_id,ap1_1.id,ap1_1.activo,c1_0.id,c1_0.description,c1_0.nombre,ap1_1.nombre,ap1_1.precio from producto_adicional ap1_0 join adiciones ap1_1 on ap1_1.id=ap1_0.adicional_id left join categorias c1_0 on c1_0.id=ap1_1.categoria_id where ap1_0.producto_id=?
Hibernate: select a1_0.id,a1_0.activo,c1_0.id,c1_0.description,c1_0.nombre,a1_0.nombre,a1_0.precio from adiciones a1_0 left join categorias c1_0 on c1_0.id=a1_0.categoria_id where a1_0.id=?
Hibernate: select a1_0.id,a1_0.activo,c1_0.id,c1_0.description,c1_0.nombre,a1_0.nombre,a1_0.precio from adiciones a1_0 left join categorias c1_0 on c1_0.id=a1_0.categoria_id where a1_0.id=?
Hibernate: select a1_0.id,a1_0.activo,c1_0.id,c1_0.description,c1_0.nombre,a1_0.nombre,a1_0.precio from adiciones a1_0 left join categorias c1_0 on c1_0.id=a1_0.categoria_id where a1_0.id=?
Hibernate: select a1_0.id,a1_0.activo,c1_0.id,c1_0.description,c1_0.nombre,a1_0.nombre,a1_0.precio from adiciones a1_0 left join categorias c1_0 on c1_0.id=a1_0.categoria_id where a1_0.id=?
Hibernate: select a1_0.id,a1_0.activo,c1_0.id,c1_0.description,c1_0.nombre,a1_0.nombre,a1_0.precio from adiciones a1_0 left join categorias c1_0 on c1_0.id=a1_0.categoria_id where a1_0.id=?
Hibernate: select p1_0.id,p1_0.activo,p1_0.categoria_id,c1_0.id,c1_0.description,c1_0.nombre,p1_0.descripcion,p1_0.imagen_url,p1_0.nombre,p1_0.precio from productos p1_0 join categorias c1_0 on c1_0.id=p1_0.categoria_id where p1_0.id=?
Hibernate: select ap1_0.producto_id,ap1_1.id,ap1_1.activo,c1_0.id,c1_0.description,c1_0.nombre,ap1_1.nombre,ap1_1.precio from producto_adicional ap1_0 join adiciones ap1_1 on ap1_1.id=ap1_0.adicional_id left join categorias c1_0 on c1_0.id=ap1_1.categoria_id where ap1_0.producto_id=?
Hibernate: select p1_0.id,p1_0.activo,p1_0.categoria_id,c1_0.id,c1_0.description,c1_0.nombre,p1_0.descripcion,p1_0.imagen_url,p1_0.nombre,p1_0.precio from productos p1_0 join categorias c1_0 on c1_0.id=p1_0.categoria_id where p1_0.id=?
Hibernate: select ap1_0.producto_id,ap1_1.id,ap1_1.activo,c1_0.id,c1_0.description,c1_0.nombre,ap1_1.nombre,ap1_1.precio from producto_adicional ap1_0 join adiciones ap1_1 on ap1_1.id=ap1_0.adicional_id left join categorias c1_0 on c1_0.id=ap1_1.categoria_id where ap1_0.producto_id=?
Hibernate: select p1_0.id,p1_0.activo,p1_0.categoria_id,c1_0.id,c1_0.description,c1_0.nombre,p1_0.descripcion,p1_0.imagen_url,p1_0.nombre,p1_0.precio from productos p1_0 join categorias c1_0 on c1_0.id=p1_0.categoria_id where p1_0.id=?
Hibernate: select ap1_0.producto_id,ap1_1.id,ap1_1.activo,c1_0.id,c1_0.description,c1_0.nombre,ap1_1.nombre,ap1_1.precio from producto_adicional ap1_0 join adiciones ap1_1 on ap1_1.id=ap1_0.adicional_id left join categorias c1_0 on c1_0.id=ap1_1.categoria_id where ap1_0.producto_id=?
Hibernate: select p1_0.id,p1_0.activo,p1_0.categoria_id,c1_0.id,c1_0.description,c1_0.nombre,p1_0.descripcion,p1_0.imagen_url,p1_0.nombre,p1_0.precio from productos p1_0 join categorias c1_0 on c1_0.id=p1_0.categoria_id where p1_0.id=?
Hibernate: select ap1_0.producto_id,ap1_1.id,ap1_1.activo,c1_0.id,c1_0.description,c1_0.nombre,ap1_1.nombre,ap1_1.precio from producto_adicional ap1_0 join adiciones ap1_1 on ap1_1.id=ap1_0.adicional_id left join categorias c1_0 on c1_0.id=ap1_1.categoria_id where ap1_0.producto_id=?
Hibernate: select p1_0.id,p1_0.activo,p1_0.categoria_id,c1_0.id,c1_0.description,c1_0.nombre,p1_0.descripcion,p1_0.imagen_url,p1_0.nombre,p1_0.precio from productos p1_0 join categorias c1_0 on c1_0.id=p1_0.categoria_id where p1_0.id=?
Hibernate: select ap1_0.producto_id,ap1_1.id,ap1_1.activo,c1_0.id,c1_0.description,c1_0.nombre,ap1_1.nombre,ap1_1.precio from producto_adicional ap1_0 join adiciones ap1_1 on ap1_1.id=ap1_0.adicional_id left join categorias c1_0 on c1_0.id=ap1_1.categoria_id where ap1_0.producto_id=?
Hibernate: select p1_0.id,p1_0.activo,p1_0.categoria_id,c1_0.id,c1_0.description,c1_0.nombre,p1_0.descripcion,p1_0.imagen_url,p1_0.nombre,p1_0.precio from productos p1_0 join categorias c1_0 on c1_0.id=p1_0.categoria_id where p1_0.id=?
Hibernate: select ap1_0.producto_id,ap1_1.id,ap1_1.activo,c1_0.id,c1_0.description,c1_0.nombre,ap1_1.nombre,ap1_1.precio from producto_adicional ap1_0 join adiciones ap1_1 on ap1_1.id=ap1_0.adicional_id left join categorias c1_0 on c1_0.id=ap1_1.categoria_id where ap1_0.producto_id=?
Hibernate: select p1_0.id,p1_0.activo,p1_0.categoria_id,c1_0.id,c1_0.description,c1_0.nombre,p1_0.descripcion,p1_0.imagen_url,p1_0.nombre,p1_0.precio from productos p1_0 join categorias c1_0 on c1_0.id=p1_0.categoria_id where p1_0.id=?
Hibernate: select ap1_0.producto_id,ap1_1.id,ap1_1.activo,c1_0.id,c1_0.description,c1_0.nombre,ap1_1.nombre,ap1_1.precio from producto_adicional ap1_0 join adiciones ap1_1 on ap1_1.id=ap1_0.adicional_id left join categorias c1_0 on c1_0.id=ap1_1.categoria_id where ap1_0.producto_id=?
Hibernate: select p1_0.id,p1_0.activo,p1_0.categoria_id,c1_0.id,c1_0.description,c1_0.nombre,p1_0.descripcion,p1_0.imagen_url,p1_0.nombre,p1_0.precio from productos p1_0 join categorias c1_0 on c1_0.id=p1_0.categoria_id where p1_0.id=?
Hibernate: select ap1_0.producto_id,ap1_1.id,ap1_1.activo,c1_0.id,c1_0.description,c1_0.nombre,ap1_1.nombre,ap1_1.precio from producto_adicional ap1_0 join adiciones ap1_1 on ap1_1.id=ap1_0.adicional_id left join categorias c1_0 on c1_0.id=ap1_1.categoria_id where ap1_0.producto_id=?
Hibernate: select p1_0.id,p1_0.activo,p1_0.categoria_id,c1_0.id,c1_0.description,c1_0.nombre,p1_0.descripcion,p1_0.imagen_url,p1_0.nombre,p1_0.precio from productos p1_0 join categorias c1_0 on c1_0.id=p1_0.categoria_id where p1_0.id=?
Hibernate: select ap1_0.producto_id,ap1_1.id,ap1_1.activo,c1_0.id,c1_0.description,c1_0.nombre,ap1_1.nombre,ap1_1.precio from producto_adicional ap1_0 join adiciones ap1_1 on ap1_1.id=ap1_0.adicional_id left join categorias c1_0 on c1_0.id=ap1_1.categoria_id where ap1_0.producto_id=?
Hibernate: select p1_0.id,p1_0.activo,p1_0.categoria_id,c1_0.id,c1_0.description,c1_0.nombre,p1_0.descripcion,p1_0.imagen_url,p1_0.nombre,p1_0.precio from productos p1_0 join categorias c1_0 on c1_0.id=p1_0.categoria_id where p1_0.id=?
Hibernate: select ap1_0.producto_id,ap1_1.id,ap1_1.activo,c1_0.id,c1_0.description,c1_0.nombre,ap1_1.nombre,ap1_1.precio from producto_adicional ap1_0 join adiciones ap1_1 on ap1_1.id=ap1_0.adicional_id left join categorias c1_0 on c1_0.id=ap1_1.categoria_id where ap1_0.producto_id=?
Hibernate: select p1_0.id,p1_0.activo,p1_0.categoria_id,c1_0.id,c1_0.description,c1_0.nombre,p1_0.descripcion,p1_0.imagen_url,p1_0.nombre,p1_0.precio from productos p1_0 join categorias c1_0 on c1_0.id=p1_0.categoria_id where p1_0.id=?
Hibernate: select ap1_0.producto_id,ap1_1.id,ap1_1.activo,c1_0.id,c1_0.description,c1_0.nombre,ap1_1.nombre,ap1_1.precio from producto_adicional ap1_0 join adiciones ap1_1 on ap1_1.id=ap1_0.adicional_id left join categorias c1_0 on c1_0.id=ap1_1.categoria_id where ap1_0.producto_id=?
Hibernate: select p1_0.id,p1_0.activo,p1_0.categoria_id,c1_0.id,c1_0.description,c1_0.nombre,p1_0.descripcion,p1_0.imagen_url,p1_0.nombre,p1_0.precio from productos p1_0 join categorias c1_0 on c1_0.id=p1_0.categoria_id where p1_0.id=?
Hibernate: select ap1_0.producto_id,ap1_1.id,ap1_1.activo,c1_0.id,c1_0.description,c1_0.nombre,ap1_1.nombre,ap1_1.precio from producto_adicional ap1_0 join adiciones ap1_1 on ap1_1.id=ap1_0.adicional_id left join categorias c1_0 on c1_0.id=ap1_1.categoria_id where ap1_0.producto_id=?
Hibernate: select p1_0.id,p1_0.activo,p1_0.categoria_id,c1_0.id,c1_0.description,c1_0.nombre,p1_0.descripcion,p1_0.imagen_url,p1_0.nombre,p1_0.precio from productos p1_0 join categorias c1_0 on c1_0.id=p1_0.categoria_id where p1_0.id=?
Hibernate: select ap1_0.producto_id,ap1_1.id,ap1_1.activo,c1_0.id,c1_0.description,c1_0.nombre,ap1_1.nombre,ap1_1.precio from producto_adicional ap1_0 join adiciones ap1_1 on ap1_1.id=ap1_0.adicional_id left join categorias c1_0 on c1_0.id=ap1_1.categoria_id where ap1_0.producto_id=?
Hibernate: select p1_0.id,p1_0.activo,p1_0.categoria_id,c1_0.id,c1_0.description,c1_0.nombre,p1_0.descripcion,p1_0.imagen_url,p1_0.nombre,p1_0.precio from productos p1_0 join categorias c1_0 on c1_0.id=p1_0.categoria_id where p1_0.id=?
Hibernate: select ap1_0.producto_id,ap1_1.id,ap1_1.activo,c1_0.id,c1_0.description,c1_0.nombre,ap1_1.nombre,ap1_1.precio from producto_adicional ap1_0 join adiciones ap1_1 on ap1_1.id=ap1_0.adicional_id left join categorias c1_0 on c1_0.id=ap1_1.categoria_id where ap1_0.producto_id=?
Hibernate: select p1_0.id,p1_0.activo,p1_0.categoria_id,c1_0.id,c1_0.description,c1_0.nombre,p1_0.descripcion,p1_0.imagen_url,p1_0.nombre,p1_0.precio from productos p1_0 join categorias c1_0 on c1_0.id=p1_0.categoria_id where p1_0.id=?
Hibernate: select ap1_0.producto_id,ap1_1.id,ap1_1.activo,c1_0.id,c1_0.description,c1_0.nombre,ap1_1.nombre,ap1_1.precio from producto_adicional ap1_0 join adiciones ap1_1 on ap1_1.id=ap1_0.adicional_id left join categorias c1_0 on c1_0.id=ap1_1.categoria_id where ap1_0.producto_id=?
Hibernate: select p1_0.id,p1_0.activo,p1_0.categoria_id,c1_0.id,c1_0.description,c1_0.nombre,p1_0.descripcion,p1_0.imagen_url,p1_0.nombre,p1_0.precio from productos p1_0 join categorias c1_0 on c1_0.id=p1_0.categoria_id where p1_0.id=?
Hibernate: select ap1_0.producto_id,ap1_1.id,ap1_1.activo,c1_0.id,c1_0.description,c1_0.nombre,ap1_1.nombre,ap1_1.precio from producto_adicional ap1_0 join adiciones ap1_1 on ap1_1.id=ap1_0.adicional_id left join categorias c1_0 on c1_0.id=ap1_1.categoria_id where ap1_0.producto_id=?
Hibernate: select p1_0.id,p1_0.activo,p1_0.categoria_id,c1_0.id,c1_0.description,c1_0.nombre,p1_0.descripcion,p1_0.imagen_url,p1_0.nombre,p1_0.precio from productos p1_0 join categorias c1_0 on c1_0.id=p1_0.categoria_id where p1_0.id=?
Hibernate: select ap1_0.producto_id,ap1_1.id,ap1_1.activo,c1_0.id,c1_0.description,c1_0.nombre,ap1_1.nombre,ap1_1.precio from producto_adicional ap1_0 join adiciones ap1_1 on ap1_1.id=ap1_0.adicional_id left join categorias c1_0 on c1_0.id=ap1_1.categoria_id where ap1_0.producto_id=?
Hibernate: select p1_0.id,p1_0.activo,p1_0.categoria_id,c1_0.id,c1_0.description,c1_0.nombre,p1_0.descripcion,p1_0.imagen_url,p1_0.nombre,p1_0.precio from productos p1_0 join categorias c1_0 on c1_0.id=p1_0.categoria_id where p1_0.id=?
Hibernate: select ap1_0.producto_id,ap1_1.id,ap1_1.activo,c1_0.id,c1_0.description,c1_0.nombre,ap1_1.nombre,ap1_1.precio from producto_adicional ap1_0 join adiciones ap1_1 on ap1_1.id=ap1_0.adicional_id left join categorias c1_0 on c1_0.id=ap1_1.categoria_id where ap1_0.producto_id=?
Hibernate: select p1_0.id,p1_0.activo,p1_0.categoria_id,c1_0.id,c1_0.description,c1_0.nombre,p1_0.descripcion,p1_0.imagen_url,p1_0.nombre,p1_0.precio from productos p1_0 join categorias c1_0 on c1_0.id=p1_0.categoria_id where p1_0.id=?
Hibernate: select ap1_0.producto_id,ap1_1.id,ap1_1.activo,c1_0.id,c1_0.description,c1_0.nombre,ap1_1.nombre,ap1_1.precio from producto_adicional ap1_0 join adiciones ap1_1 on ap1_1.id=ap1_0.adicional_id left join categorias c1_0 on c1_0.id=ap1_1.categoria_id where ap1_0.producto_id=?
Hibernate: select p1_0.id,p1_0.activo,p1_0.categoria_id,c1_0.id,c1_0.description,c1_0.nombre,p1_0.descripcion,p1_0.imagen_url,p1_0.nombre,p1_0.precio from productos p1_0 join categorias c1_0 on c1_0.id=p1_0.categoria_id where p1_0.id=?
Hibernate: select ap1_0.producto_id,ap1_1.id,ap1_1.activo,c1_0.id,c1_0.description,c1_0.nombre,ap1_1.nombre,ap1_1.precio from producto_adicional ap1_0 join adiciones ap1_1 on ap1_1.id=ap1_0.adicional_id left join categorias c1_0 on c1_0.id=ap1_1.categoria_id where ap1_0.producto_id=?
Hibernate: select p1_0.id,p1_0.activo,p1_0.categoria_id,c1_0.id,c1_0.description,c1_0.nombre,p1_0.descripcion,p1_0.imagen_url,p1_0.nombre,p1_0.precio from productos p1_0 join categorias c1_0 on c1_0.id=p1_0.categoria_id where p1_0.id=?
Hibernate: select ap1_0.producto_id,ap1_1.id,ap1_1.activo,c1_0.id,c1_0.description,c1_0.nombre,ap1_1.nombre,ap1_1.precio from producto_adicional ap1_0 join adiciones ap1_1 on ap1_1.id=ap1_0.adicional_id left join categorias c1_0 on c1_0.id=ap1_1.categoria_id where ap1_0.producto_id=?
Hibernate: select p1_0.id,p1_0.activo,p1_0.categoria_id,c1_0.id,c1_0.description,c1_0.nombre,p1_0.descripcion,p1_0.imagen_url,p1_0.nombre,p1_0.precio from productos p1_0 join categorias c1_0 on c1_0.id=p1_0.categoria_id where p1_0.id=?
Hibernate: select ap1_0.producto_id,ap1_1.id,ap1_1.activo,c1_0.id,c1_0.description,c1_0.nombre,ap1_1.nombre,ap1_1.precio from producto_adicional ap1_0 join adiciones ap1_1 on ap1_1.id=ap1_0.adicional_id left join categorias c1_0 on c1_0.id=ap1_1.categoria_id where ap1_0.producto_id=?
Hibernate: select p1_0.id,p1_0.activo,p1_0.categoria_id,c1_0.id,c1_0.description,c1_0.nombre,p1_0.descripcion,p1_0.imagen_url,p1_0.nombre,p1_0.precio from productos p1_0 join categorias c1_0 on c1_0.id=p1_0.categoria_id where p1_0.id=?
Hibernate: select ap1_0.producto_id,ap1_1.id,ap1_1.activo,c1_0.id,c1_0.description,c1_0.nombre,ap1_1.nombre,ap1_1.precio from producto_adicional ap1_0 join adiciones ap1_1 on ap1_1.id=ap1_0.adicional_id left join categorias c1_0 on c1_0.id=ap1_1.categoria_id where ap1_0.producto_id=?
Hibernate: select p1_0.id,p1_0.activo,p1_0.categoria_id,c1_0.id,c1_0.description,c1_0.nombre,p1_0.descripcion,p1_0.imagen_url,p1_0.nombre,p1_0.precio from productos p1_0 join categorias c1_0 on c1_0.id=p1_0.categoria_id where p1_0.id=?
Hibernate: select ap1_0.producto_id,ap1_1.id,ap1_1.activo,c1_0.id,c1_0.description,c1_0.nombre,ap1_1.nombre,ap1_1.precio from producto_adicional ap1_0 join adiciones ap1_1 on ap1_1.id=ap1_0.adicional_id left join categorias c1_0 on c1_0.id=ap1_1.categoria_id where ap1_0.producto_id=?
Hibernate: select p1_0.id,p1_0.activo,p1_0.categoria_id,c1_0.id,c1_0.description,c1_0.nombre,p1_0.descripcion,p1_0.imagen_url,p1_0.nombre,p1_0.precio from productos p1_0 join categorias c1_0 on c1_0.id=p1_0.categoria_id where p1_0.id=?
Hibernate: select ap1_0.producto_id,ap1_1.id,ap1_1.activo,c1_0.id,c1_0.description,c1_0.nombre,ap1_1.nombre,ap1_1.precio from producto_adicional ap1_0 join adiciones ap1_1 on ap1_1.id=ap1_0.adicional_id left join categorias c1_0 on c1_0.id=ap1_1.categoria_id where ap1_0.producto_id=?
Hibernate: select p1_0.id,p1_0.activo,p1_0.categoria_id,c1_0.id,c1_0.description,c1_0.nombre,p1_0.descripcion,p1_0.imagen_url,p1_0.nombre,p1_0.precio from productos p1_0 join categorias c1_0 on c1_0.id=p1_0.categoria_id where p1_0.id=?
Hibernate: select ap1_0.producto_id,ap1_1.id,ap1_1.activo,c1_0.id,c1_0.description,c1_0.nombre,ap1_1.nombre,ap1_1.precio from producto_adicional ap1_0 join adiciones ap1_1 on ap1_1.id=ap1_0.adicional_id left join categorias c1_0 on c1_0.id=ap1_1.categoria_id where ap1_0.producto_id=?
Hibernate: select p1_0.id,p1_0.activo,p1_0.categoria_id,c1_0.id,c1_0.description,c1_0.nombre,p1_0.descripcion,p1_0.imagen_url,p1_0.nombre,p1_0.precio from productos p1_0 join categorias c1_0 on c1_0.id=p1_0.categoria_id where p1_0.id=?
Hibernate: select ap1_0.producto_id,ap1_1.id,ap1_1.activo,c1_0.id,c1_0.description,c1_0.nombre,ap1_1.nombre,ap1_1.precio from producto_adicional ap1_0 join adiciones ap1_1 on ap1_1.id=ap1_0.adicional_id left join categorias c1_0 on c1_0.id=ap1_1.categoria_id where ap1_0.producto_id=?
Hibernate: select p1_0.id,p1_0.activo,p1_0.categoria_id,c1_0.id,c1_0.description,c1_0.nombre,p1_0.descripcion,p1_0.imagen_url,p1_0.nombre,p1_0.precio from productos p1_0 join categorias c1_0 on c1_0.id=p1_0.categoria_id where p1_0.id=?
Hibernate: select ap1_0.producto_id,ap1_1.id,ap1_1.activo,c1_0.id,c1_0.description,c1_0.nombre,ap1_1.nombre,ap1_1.precio from producto_adicional ap1_0 join adiciones ap1_1 on ap1_1.id=ap1_0.adicional_id left join categorias c1_0 on c1_0.id=ap1_1.categoria_id where ap1_0.producto_id=?
Hibernate: select p1_0.id,p1_0.activo,p1_0.categoria_id,c1_0.id,c1_0.description,c1_0.nombre,p1_0.descripcion,p1_0.imagen_url,p1_0.nombre,p1_0.precio from productos p1_0 join categorias c1_0 on c1_0.id=p1_0.categoria_id where p1_0.id=?
Hibernate: select ap1_0.producto_id,ap1_1.id,ap1_1.activo,c1_0.id,c1_0.description,c1_0.nombre,ap1_1.nombre,ap1_1.precio from producto_adicional ap1_0 join adiciones ap1_1 on ap1_1.id=ap1_0.adicional_id left join categorias c1_0 on c1_0.id=ap1_1.categoria_id where ap1_0.producto_id=?
Hibernate: select p1_0.id,p1_0.activo,p1_0.categoria_id,c1_0.id,c1_0.description,c1_0.nombre,p1_0.descripcion,p1_0.imagen_url,p1_0.nombre,p1_0.precio from productos p1_0 join categorias c1_0 on c1_0.id=p1_0.categoria_id where p1_0.id=?
Hibernate: select ap1_0.producto_id,ap1_1.id,ap1_1.activo,c1_0.id,c1_0.description,c1_0.nombre,ap1_1.nombre,ap1_1.precio from producto_adicional ap1_0 join adiciones ap1_1 on ap1_1.id=ap1_0.adicional_id left join categorias c1_0 on c1_0.id=ap1_1.categoria_id where ap1_0.producto_id=?
Hibernate: select p1_0.id,p1_0.activo,p1_0.categoria_id,c1_0.id,c1_0.description,c1_0.nombre,p1_0.descripcion,p1_0.imagen_url,p1_0.nombre,p1_0.precio from productos p1_0 join categorias c1_0 on c1_0.id=p1_0.categoria_id where p1_0.id=?
Hibernate: select ap1_0.producto_id,ap1_1.id,ap1_1.activo,c1_0.id,c1_0.description,c1_0.nombre,ap1_1.nombre,ap1_1.precio from producto_adicional ap1_0 join adiciones ap1_1 on ap1_1.id=ap1_0.adicional_id left join categorias c1_0 on c1_0.id=ap1_1.categoria_id where ap1_0.producto_id=?
Hibernate: select p1_0.id,p1_0.activo,p1_0.categoria_id,c1_0.id,c1_0.description,c1_0.nombre,p1_0.descripcion,p1_0.imagen_url,p1_0.nombre,p1_0.precio from productos p1_0 join categorias c1_0 on c1_0.id=p1_0.categoria_id where p1_0.id=?
Hibernate: select ap1_0.producto_id,ap1_1.id,ap1_1.activo,c1_0.id,c1_0.description,c1_0.nombre,ap1_1.nombre,ap1_1.precio from producto_adicional ap1_0 join adiciones ap1_1 on ap1_1.id=ap1_0.adicional_id left join categorias c1_0 on c1_0.id=ap1_1.categoria_id where ap1_0.producto_id=?
Hibernate: select p1_0.id,p1_0.activo,p1_0.categoria_id,c1_0.id,c1_0.description,c1_0.nombre,p1_0.descripcion,p1_0.imagen_url,p1_0.nombre,p1_0.precio from productos p1_0 join categorias c1_0 on c1_0.id=p1_0.categoria_id where p1_0.id=?
Hibernate: select ap1_0.producto_id,ap1_1.id,ap1_1.activo,c1_0.id,c1_0.description,c1_0.nombre,ap1_1.nombre,ap1_1.precio from producto_adicional ap1_0 join adiciones ap1_1 on ap1_1.id=ap1_0.adicional_id left join categorias c1_0 on c1_0.id=ap1_1.categoria_id where ap1_0.producto_id=?
Hibernate: select p1_0.id,p1_0.activo,p1_0.categoria_id,c1_0.id,c1_0.description,c1_0.nombre,p1_0.descripcion,p1_0.imagen_url,p1_0.nombre,p1_0.precio from productos p1_0 join categorias c1_0 on c1_0.id=p1_0.categoria_id where p1_0.id=?
Hibernate: select ap1_0.producto_id,ap1_1.id,ap1_1.activo,c1_0.id,c1_0.description,c1_0.nombre,ap1_1.nombre,ap1_1.precio from producto_adicional ap1_0 join adiciones ap1_1 on ap1_1.id=ap1_0.adicional_id left join categorias c1_0 on c1_0.id=ap1_1.categoria_id where ap1_0.producto_id=?
Hibernate: select p1_0.id,p1_0.activo,p1_0.categoria_id,c1_0.id,c1_0.description,c1_0.nombre,p1_0.descripcion,p1_0.imagen_url,p1_0.nombre,p1_0.precio from productos p1_0 join categorias c1_0 on c1_0.id=p1_0.categoria_id where p1_0.id=?
Hibernate: select ap1_0.producto_id,ap1_1.id,ap1_1.activo,c1_0.id,c1_0.description,c1_0.nombre,ap1_1.nombre,ap1_1.precio from producto_adicional ap1_0 join adiciones ap1_1 on ap1_1.id=ap1_0.adicional_id left join categorias c1_0 on c1_0.id=ap1_1.categoria_id where ap1_0.producto_id=?
Hibernate: insert into producto_adicional (producto_id,adicional_id) values (?,?)
Hibernate: insert into producto_adicional (producto_id,adicional_id) values (?,?)
Hibernate: insert into producto_adicional (producto_id,adicional_id) values (?,?)
Hibernate: insert into producto_adicional (producto_id,adicional_id) values (?,?)
Hibernate: insert into producto_adicional (producto_id,adicional_id) values (?,?)
Hibernate: insert into producto_adicional (producto_id,adicional_id) values (?,?)
Hibernate: insert into producto_adicional (producto_id,adicional_id) values (?,?)
Hibernate: insert into producto_adicional (producto_id,adicional_id) values (?,?)
Hibernate: insert into producto_adicional (producto_id,adicional_id) values (?,?)
Hibernate: insert into producto_adicional (producto_id,adicional_id) values (?,?)
Hibernate: insert into producto_adicional (producto_id,adicional_id) values (?,?)
Hibernate: insert into producto_adicional (producto_id,adicional_id) values (?,?)
Hibernate: insert into producto_adicional (producto_id,adicional_id) values (?,?)
Hibernate: insert into producto_adicional (producto_id,adicional_id) values (?,?)
Hibernate: insert into producto_adicional (producto_id,adicional_id) values (?,?)
Hibernate: insert into producto_adicional (producto_id,adicional_id) values (?,?)
Hibernate: insert into producto_adicional (producto_id,adicional_id) values (?,?)
Hibernate: insert into producto_adicional (producto_id,adicional_id) values (?,?)
Hibernate: insert into producto_adicional (producto_id,adicional_id) values (?,?)
Hibernate: insert into producto_adicional (producto_id,adicional_id) values (?,?)
Hibernate: insert into producto_adicional (producto_id,adicional_id) values (?,?)
Hibernate: insert into producto_adicional (producto_id,adicional_id) values (?,?)
Hibernate: insert into producto_adicional (producto_id,adicional_id) values (?,?)
Hibernate: insert into producto_adicional (producto_id,adicional_id) values (?,?)
Hibernate: insert into producto_adicional (producto_id,adicional_id) values (?,?)
Hibernate: insert into producto_adicional (producto_id,adicional_id) values (?,?)
Hibernate: insert into producto_adicional (producto_id,adicional_id) values (?,?)
Hibernate: insert into producto_adicional (producto_id,adicional_id) values (?,?)
Hibernate: insert into producto_adicional (producto_id,adicional_id) values (?,?)
Hibernate: insert into producto_adicional (producto_id,adicional_id) values (?,?)
Hibernate: insert into producto_adicional (producto_id,adicional_id) values (?,?)
Hibernate: insert into producto_adicional (producto_id,adicional_id) values (?,?)
Hibernate: insert into producto_adicional (producto_id,adicional_id) values (?,?)
Hibernate: insert into producto_adicional (producto_id,adicional_id) values (?,?)
Hibernate: insert into producto_adicional (producto_id,adicional_id) values (?,?)
Hibernate: insert into producto_adicional (producto_id,adicional_id) values (?,?)
Hibernate: insert into producto_adicional (producto_id,adicional_id) values (?,?)
Hibernate: insert into producto_adicional (producto_id,adicional_id) values (?,?)
Hibernate: insert into producto_adicional (producto_id,adicional_id) values (?,?)
Hibernate: insert into producto_adicional (producto_id,adicional_id) values (?,?)
Hibernate: insert into producto_adicional (producto_id,adicional_id) values (?,?)
Hibernate: insert into producto_adicional (producto_id,adicional_id) values (?,?)
Hibernate: insert into producto_adicional (producto_id,adicional_id) values (?,?)
Hibernate: insert into producto_adicional (producto_id,adicional_id) values (?,?)
Hibernate: insert into producto_adicional (producto_id,adicional_id) values (?,?)
Hibernate: insert into producto_adicional (producto_id,adicional_id) values (?,?)
Hibernate: insert into producto_adicional (producto_id,adicional_id) values (?,?)
Hibernate: insert into producto_adicional (producto_id,adicional_id) values (?,?)
Hibernate: insert into producto_adicional (producto_id,adicional_id) values (?,?)
Hibernate: insert into producto_adicional (producto_id,adicional_id) values (?,?)
Hibernate: insert into producto_adicional (producto_id,adicional_id) values (?,?)
Hibernate: insert into producto_adicional (producto_id,adicional_id) values (?,?)
Hibernate: insert into producto_adicional (producto_id,adicional_id) values (?,?)
Hibernate: insert into producto_adicional (producto_id,adicional_id) values (?,?)
Hibernate: insert into producto_adicional (producto_id,adicional_id) values (?,?)
Hibernate: insert into producto_adicional (producto_id,adicional_id) values (?,?)
Hibernate: insert into producto_adicional (producto_id,adicional_id) values (?,?)
Hibernate: insert into producto_adicional (producto_id,adicional_id) values (?,?)
Hibernate: insert into producto_adicional (producto_id,adicional_id) values (?,?)
Hibernate: insert into producto_adicional (producto_id,adicional_id) values (?,?)
Hibernate: insert into producto_adicional (producto_id,adicional_id) values (?,?)
Hibernate: insert into producto_adicional (producto_id,adicional_id) values (?,?)
Hibernate: insert into producto_adicional (producto_id,adicional_id) values (?,?)
Hibernate: insert into producto_adicional (producto_id,adicional_id) values (?,?)
Hibernate: insert into producto_adicional (producto_id,adicional_id) values (?,?)
Hibernate: insert into producto_adicional (producto_id,adicional_id) values (?,?)
Hibernate: insert into producto_adicional (producto_id,adicional_id) values (?,?)
Hibernate: insert into producto_adicional (producto_id,adicional_id) values (?,?)
Hibernate: insert into producto_adicional (producto_id,adicional_id) values (?,?)
Hibernate: insert into producto_adicional (producto_id,adicional_id) values (?,?)
Hibernate: insert into producto_adicional (producto_id,adicional_id) values (?,?)
Hibernate: insert into producto_adicional (producto_id,adicional_id) values (?,?)
Hibernate: insert into producto_adicional (producto_id,adicional_id) values (?,?)
Hibernate: insert into producto_adicional (producto_id,adicional_id) values (?,?)
Hibernate: insert into producto_adicional (producto_id,adicional_id) values (?,?)
Hibernate: insert into producto_adicional (producto_id,adicional_id) values (?,?)
Hibernate: insert into producto_adicional (producto_id,adicional_id) values (?,?)
Hibernate: insert into producto_adicional (producto_id,adicional_id) values (?,?)
Hibernate: insert into producto_adicional (producto_id,adicional_id) values (?,?)
Hibernate: insert into producto_adicional (producto_id,adicional_id) values (?,?)
Hibernate: insert into producto_adicional (producto_id,adicional_id) values (?,?)
Hibernate: insert into producto_adicional (producto_id,adicional_id) values (?,?)
Hibernate: insert into producto_adicional (producto_id,adicional_id) values (?,?)
Hibernate: insert into producto_adicional (producto_id,adicional_id) values (?,?)
Hibernate: insert into producto_adicional (producto_id,adicional_id) values (?,?)
Hibernate: insert into producto_adicional (producto_id,adicional_id) values (?,?)
Hibernate: insert into producto_adicional (producto_id,adicional_id) values (?,?)
Hibernate: insert into producto_adicional (producto_id,adicional_id) values (?,?)
Hibernate: insert into producto_adicional (producto_id,adicional_id) values (?,?)
Hibernate: insert into producto_adicional (producto_id,adicional_id) values (?,?)
Hibernate: insert into producto_adicional (producto_id,adicional_id) values (?,?)
Hibernate: insert into producto_adicional (producto_id,adicional_id) values (?,?)
Hibernate: insert into producto_adicional (producto_id,adicional_id) values (?,?)
Hibernate: insert into producto_adicional (producto_id,adicional_id) values (?,?)
Hibernate: insert into producto_adicional (producto_id,adicional_id) values (?,?)
Hibernate: insert into producto_adicional (producto_id,adicional_id) values (?,?)
Hibernate: insert into producto_adicional (producto_id,adicional_id) values (?,?)
Hibernate: insert into producto_adicional (producto_id,adicional_id) values (?,?)
Hibernate: insert into producto_adicional (producto_id,adicional_id) values (?,?)
Hibernate: insert into producto_adicional (producto_id,adicional_id) values (?,?)
Hibernate: insert into producto_adicional (producto_id,adicional_id) values (?,?)
Hibernate: insert into producto_adicional (producto_id,adicional_id) values (?,?)
Hibernate: insert into producto_adicional (producto_id,adicional_id) values (?,?)
Hibernate: insert into producto_adicional (producto_id,adicional_id) values (?,?)
Hibernate: insert into producto_adicional (producto_id,adicional_id) values (?,?)
Hibernate: insert into producto_adicional (producto_id,adicional_id) values (?,?)
Hibernate: insert into producto_adicional (producto_id,adicional_id) values (?,?)
Hibernate: insert into producto_adicional (producto_id,adicional_id) values (?,?)
Hibernate: insert into producto_adicional (producto_id,adicional_id) values (?,?)
Hibernate: insert into producto_adicional (producto_id,adicional_id) values (?,?)
Hibernate: insert into producto_adicional (producto_id,adicional_id) values (?,?)
Hibernate: insert into producto_adicional (producto_id,adicional_id) values (?,?)
Hibernate: insert into producto_adicional (producto_id,adicional_id) values (?,?)
Hibernate: insert into producto_adicional (producto_id,adicional_id) values (?,?)
Hibernate: insert into producto_adicional (producto_id,adicional_id) values (?,?)
Hibernate: insert into producto_adicional (producto_id,adicional_id) values (?,?)
Hibernate: insert into producto_adicional (producto_id,adicional_id) values (?,?)
Hibernate: insert into producto_adicional (producto_id,adicional_id) values (?,?)
Hibernate: insert into producto_adicional (producto_id,adicional_id) values (?,?)
Hibernate: insert into producto_adicional (producto_id,adicional_id) values (?,?)
Hibernate: insert into producto_adicional (producto_id,adicional_id) values (?,?)
Hibernate: insert into producto_adicional (producto_id,adicional_id) values (?,?)
Hibernate: insert into producto_adicional (producto_id,adicional_id) values (?,?)
Hibernate: insert into producto_adicional (producto_id,adicional_id) values (?,?)
Hibernate: insert into producto_adicional (producto_id,adicional_id) values (?,?)
Hibernate: insert into producto_adicional (producto_id,adicional_id) values (?,?)
Hibernate: insert into producto_adicional (producto_id,adicional_id) values (?,?)
Hibernate: insert into producto_adicional (producto_id,adicional_id) values (?,?)
Hibernate: insert into producto_adicional (producto_id,adicional_id) values (?,?)
Hibernate: insert into producto_adicional (producto_id,adicional_id) values (?,?)
Hibernate: insert into producto_adicional (producto_id,adicional_id) values (?,?)
Hibernate: insert into producto_adicional (producto_id,adicional_id) values (?,?)
Hibernate: insert into producto_adicional (producto_id,adicional_id) values (?,?)
Hibernate: insert into producto_adicional (producto_id,adicional_id) values (?,?)
Hibernate: insert into producto_adicional (producto_id,adicional_id) values (?,?)
Hibernate: insert into producto_adicional (producto_id,adicional_id) values (?,?)
Hibernate: insert into producto_adicional (producto_id,adicional_id) values (?,?)
Hibernate: insert into producto_adicional (producto_id,adicional_id) values (?,?)
Hibernate: insert into producto_adicional (producto_id,adicional_id) values (?,?)
Hibernate: insert into producto_adicional (producto_id,adicional_id) values (?,?)
Hibernate: insert into producto_adicional (producto_id,adicional_id) values (?,?)
Hibernate: insert into producto_adicional (producto_id,adicional_id) values (?,?)
Hibernate: insert into producto_adicional (producto_id,adicional_id) values (?,?)
Hibernate: insert into producto_adicional (producto_id,adicional_id) values (?,?)
Hibernate: insert into producto_adicional (producto_id,adicional_id) values (?,?)
Hibernate: insert into producto_adicional (producto_id,adicional_id) values (?,?)
Hibernate: insert into producto_adicional (producto_id,adicional_id) values (?,?)
Hibernate: insert into producto_adicional (producto_id,adicional_id) values (?,?)
Hibernate: insert into producto_adicional (producto_id,adicional_id) values (?,?)
Hibernate: insert into producto_adicional (producto_id,adicional_id) values (?,?)
Hibernate: insert into producto_adicional (producto_id,adicional_id) values (?,?)
Hibernate: insert into producto_adicional (producto_id,adicional_id) values (?,?)
Hibernate: insert into producto_adicional (producto_id,adicional_id) values (?,?)
Hibernate: insert into producto_adicional (producto_id,adicional_id) values (?,?)
Hibernate: insert into producto_adicional (producto_id,adicional_id) values (?,?)
Hibernate: insert into producto_adicional (producto_id,adicional_id) values (?,?)
Hibernate: insert into producto_adicional (producto_id,adicional_id) values (?,?)
Hibernate: insert into producto_adicional (producto_id,adicional_id) values (?,?)
Hibernate: insert into producto_adicional (producto_id,adicional_id) values (?,?)
Hibernate: insert into producto_adicional (producto_id,adicional_id) values (?,?)
Hibernate: insert into producto_adicional (producto_id,adicional_id) values (?,?)
Hibernate: insert into producto_adicional (producto_id,adicional_id) values (?,?)
Hibernate: insert into producto_adicional (producto_id,adicional_id) values (?,?)
Hibernate: insert into producto_adicional (producto_id,adicional_id) values (?,?)
Hibernate: insert into producto_adicional (producto_id,adicional_id) values (?,?)
Hibernate: insert into producto_adicional (producto_id,adicional_id) values (?,?)
Hibernate: insert into producto_adicional (producto_id,adicional_id) values (?,?)
Hibernate: insert into producto_adicional (producto_id,adicional_id) values (?,?)
Hibernate: insert into producto_adicional (producto_id,adicional_id) values (?,?)
Hibernate: insert into producto_adicional (producto_id,adicional_id) values (?,?)
Hibernate: insert into producto_adicional (producto_id,adicional_id) values (?,?)
Hibernate: insert into producto_adicional (producto_id,adicional_id) values (?,?)
Hibernate: insert into producto_adicional (producto_id,adicional_id) values (?,?)
Hibernate: insert into producto_adicional (producto_id,adicional_id) values (?,?)
Hibernate: insert into producto_adicional (producto_id,adicional_id) values (?,?)
Hibernate: insert into producto_adicional (producto_id,adicional_id) values (?,?)
Hibernate: insert into producto_adicional (producto_id,adicional_id) values (?,?)
Hibernate: insert into producto_adicional (producto_id,adicional_id) values (?,?)
Hibernate: insert into producto_adicional (producto_id,adicional_id) values (?,?)
Hibernate: insert into producto_adicional (producto_id,adicional_id) values (?,?)
Hibernate: insert into producto_adicional (producto_id,adicional_id) values (?,?)
Hibernate: insert into producto_adicional (producto_id,adicional_id) values (?,?)
Hibernate: insert into producto_adicional (producto_id,adicional_id) values (?,?)
Hibernate: insert into producto_adicional (producto_id,adicional_id) values (?,?)
Hibernate: insert into producto_adicional (producto_id,adicional_id) values (?,?)
Hibernate: insert into producto_adicional (producto_id,adicional_id) values (?,?)
Hibernate: insert into producto_adicional (producto_id,adicional_id) values (?,?)
Hibernate: insert into producto_adicional (producto_id,adicional_id) values (?,?)
Hibernate: insert into producto_adicional (producto_id,adicional_id) values (?,?)
Hibernate: insert into producto_adicional (producto_id,adicional_id) values (?,?)
Hibernate: insert into producto_adicional (producto_id,adicional_id) values (?,?)
Hibernate: insert into producto_adicional (producto_id,adicional_id) values (?,?)
Hibernate: insert into producto_adicional (producto_id,adicional_id) values (?,?)
Hibernate: insert into producto_adicional (producto_id,adicional_id) values (?,?)
Hibernate: insert into producto_adicional (producto_id,adicional_id) values (?,?)
Hibernate: insert into producto_adicional (producto_id,adicional_id) values (?,?)
Hibernate: insert into producto_adicional (producto_id,adicional_id) values (?,?)
Hibernate: insert into producto_adicional (producto_id,adicional_id) values (?,?)
Hibernate: insert into producto_adicional (producto_id,adicional_id) values (?,?)
Hibernate: insert into producto_adicional (producto_id,adicional_id) values (?,?)
Hibernate: select count(*) from clientes c1_0
Hibernate: insert into clientes (apellido,contraseña_hash,direccion,email,nombre,telefono,id) values (?,?,?,?,?,?,default)
Hibernate: insert into clientes (apellido,contraseña_hash,direccion,email,nombre,telefono,id) values (?,?,?,?,?,?,default)
Hibernate: insert into clientes (apellido,contraseña_hash,direccion,email,nombre,telefono,id) values (?,?,?,?,?,?,default)
Hibernate: insert into clientes (apellido,contraseña_hash,direccion,email,nombre,telefono,id) values (?,?,?,?,?,?,default)
Hibernate: insert into clientes (apellido,contraseña_hash,direccion,email,nombre,telefono,id) values (?,?,?,?,?,?,default)
Hibernate: insert into clientes (apellido,contraseña_hash,direccion,email,nombre,telefono,id) values (?,?,?,?,?,?,default)
Hibernate: insert into clientes (apellido,contraseña_hash,direccion,email,nombre,telefono,id) values (?,?,?,?,?,?,default)
Hibernate: insert into clientes (apellido,contraseña_hash,direccion,email,nombre,telefono,id) values (?,?,?,?,?,?,default)
Hibernate: insert into clientes (apellido,contraseña_hash,direccion,email,nombre,telefono,id) values (?,?,?,?,?,?,default)
Hibernate: insert into clientes (apellido,contraseña_hash,direccion,email,nombre,telefono,id) values (?,?,?,?,?,?,default)
Hibernate: select count(*) from administradores a1_0
Hibernate: insert into administradores (contraseña_hash,usuario,id) values (?,?,default)
Hibernate: insert into administradores (contraseña_hash,usuario,id) values (?,?,default)
Hibernate: insert into administradores (contraseña_hash,usuario,id) values (?,?,default)
Hibernate: insert into administradores (contraseña_hash,usuario,id) values (?,?,default)
Hibernate: insert into administradores (contraseña_hash,usuario,id) values (?,?,default)
Hibernate: select count(*) from operadores o1_0
Hibernate: insert into operadores (activo,contraseña_hash,nombre,usuario,id) values (?,?,?,?,default)
Hibernate: insert into operadores (activo,contraseña_hash,nombre,usuario,id) values (?,?,?,?,default)
Hibernate: insert into operadores (activo,contraseña_hash,nombre,usuario,id) values (?,?,?,?,default)
Hibernate: insert into operadores (activo,contraseña_hash,nombre,usuario,id) values (?,?,?,?,default)
Hibernate: insert into operadores (activo,contraseña_hash,nombre,usuario,id) values (?,?,?,?,default)
Hibernate: insert into operadores (activo,contraseña_hash,nombre,usuario,id) values (?,?,?,?,default)
Hibernate: insert into operadores (activo,contraseña_hash,nombre,usuario,id) values (?,?,?,?,default)
Hibernate: insert into operadores (activo,contraseña_hash,nombre,usuario,id) values (?,?,?,?,default)
Hibernate: insert into operadores (activo,contraseña_hash,nombre,usuario,id) values (?,?,?,?,default)
Hibernate: insert into operadores (activo,contraseña_hash,nombre,usuario,id) values (?,?,?,?,default)
Hibernate: insert into operadores (activo,contraseña_hash,nombre,usuario,id) values (?,?,?,?,default)
Hibernate: insert into operadores (activo,contraseña_hash,nombre,usuario,id) values (?,?,?,?,default)
Hibernate: insert into operadores (activo,contraseña_hash,nombre,usuario,id) values (?,?,?,?,default)
Hibernate: insert into operadores (activo,contraseña_hash,nombre,usuario,id) values (?,?,?,?,default)
Hibernate: insert into operadores (activo,contraseña_hash,nombre,usuario,id) values (?,?,?,?,default)
Hibernate: insert into operadores (activo,contraseña_hash,nombre,usuario,id) values (?,?,?,?,default)
Hibernate: insert into operadores (activo,contraseña_hash,nombre,usuario,id) values (?,?,?,?,default)
Hibernate: insert into operadores (activo,contraseña_hash,nombre,usuario,id) values (?,?,?,?,default)
Hibernate: insert into operadores (activo,contraseña_hash,nombre,usuario,id) values (?,?,?,?,default)
Hibernate: insert into operadores (activo,contraseña_hash,nombre,usuario,id) values (?,?,?,?,default)
Hibernate: select count(*) from domiciliarios d1_0
Hibernate: insert into domiciliarios (activo,cedula,celular,disponible,nombre,id) values (?,?,?,?,?,default)
Hibernate: insert into domiciliarios (activo,cedula,celular,disponible,nombre,id) values (?,?,?,?,?,default)
Hibernate: insert into domiciliarios (activo,cedula,celular,disponible,nombre,id) values (?,?,?,?,?,default)
Hibernate: insert into domiciliarios (activo,cedula,celular,disponible,nombre,id) values (?,?,?,?,?,default)
Hibernate: insert into domiciliarios (activo,cedula,celular,disponible,nombre,id) values (?,?,?,?,?,default)
Hibernate: select count(*) from carritos c1_0
Hibernate: select c1_0.id,c1_0.apellido,c1_0.contraseña_hash,c1_0.direccion,c1_0.email,c1_0.nombre,c1_0.telefono from clientes c1_0
Hibernate: select c1_0.id,c1_0.cliente_id,c1_0.ultima_actualizacion from carritos c1_0 where c1_0.cliente_id=?
Hibernate: select c1_0.id,c1_0.cliente_id,c1_0.ultima_actualizacion from carritos c1_0 where c1_0.cliente_id=?
Hibernate: select c1_0.id,c1_0.cliente_id,c1_0.ultima_actualizacion from carritos c1_0 where c1_0.cliente_id=?
Hibernate: select c1_0.id,c1_0.cliente_id,c1_0.ultima_actualizacion from carritos c1_0 where c1_0.cliente_id=?
Hibernate: select c1_0.id,c1_0.cliente_id,c1_0.ultima_actualizacion from carritos c1_0 where c1_0.cliente_id=?
Hibernate: select c1_0.id,c1_0.cliente_id,c1_0.ultima_actualizacion from carritos c1_0 where c1_0.cliente_id=?
Hibernate: select c1_0.id,c1_0.cliente_id,c1_0.ultima_actualizacion from carritos c1_0 where c1_0.cliente_id=?
Hibernate: select c1_0.id,c1_0.cliente_id,c1_0.ultima_actualizacion from carritos c1_0 where c1_0.cliente_id=?
Hibernate: select c1_0.id,c1_0.cliente_id,c1_0.ultima_actualizacion from carritos c1_0 where c1_0.cliente_id=?
Hibernate: select c1_0.id,c1_0.cliente_id,c1_0.ultima_actualizacion from carritos c1_0 where c1_0.cliente_id=?
Hibernate: insert into carritos (cliente_id,ultima_actualizacion,id) values (?,?,default)
Hibernate: insert into carritos (cliente_id,ultima_actualizacion,id) values (?,?,default)
Hibernate: insert into carritos (cliente_id,ultima_actualizacion,id) values (?,?,default)
Hibernate: insert into carritos (cliente_id,ultima_actualizacion,id) values (?,?,default)
Hibernate: insert into carritos (cliente_id,ultima_actualizacion,id) values (?,?,default)
Hibernate: select count(*) from item_carrito ic1_0
Hibernate: select c1_0.id,c1_0.cliente_id,c1_0.ultima_actualizacion from carritos c1_0
Hibernate: select p1_0.id,p1_0.activo,p1_0.categoria_id,p1_0.descripcion,p1_0.imagen_url,p1_0.nombre,p1_0.precio from productos p1_0
Hibernate: select c1_0.id,c1_0.description,c1_0.nombre from categorias c1_0 where c1_0.id=?
Hibernate: select c1_0.id,c1_0.description,c1_0.nombre from categorias c1_0 where c1_0.id=?
Hibernate: select c1_0.id,c1_0.description,c1_0.nombre from categorias c1_0 where c1_0.id=?
Hibernate: select c1_0.id,c1_0.description,c1_0.nombre from categorias c1_0 where c1_0.id=?
Hibernate: select c1_0.id,c1_0.description,c1_0.nombre from categorias c1_0 where c1_0.id=?
Hibernate: insert into item_carrito (cantidad,carrito_id,precio_unitario,producto_id,id) values (?,?,?,?,default)
Hibernate: insert into item_carrito (cantidad,carrito_id,precio_unitario,producto_id,id) values (?,?,?,?,default)
Hibernate: insert into item_carrito (cantidad,carrito_id,precio_unitario,producto_id,id) values (?,?,?,?,default)
Hibernate: insert into item_carrito (cantidad,carrito_id,precio_unitario,producto_id,id) values (?,?,?,?,default)
Hibernate: insert into item_carrito (cantidad,carrito_id,precio_unitario,producto_id,id) values (?,?,?,?,default)
Hibernate: insert into item_carrito (cantidad,carrito_id,precio_unitario,producto_id,id) values (?,?,?,?,default)
Hibernate: insert into item_carrito (cantidad,carrito_id,precio_unitario,producto_id,id) values (?,?,?,?,default)
Hibernate: insert into item_carrito (cantidad,carrito_id,precio_unitario,producto_id,id) values (?,?,?,?,default)
Hibernate: insert into item_carrito (cantidad,carrito_id,precio_unitario,producto_id,id) values (?,?,?,?,default)
Hibernate: insert into item_carrito (cantidad,carrito_id,precio_unitario,producto_id,id) values (?,?,?,?,default)
Hibernate: select count(*) from seleccion_adicional sa1_0
Hibernate: select ic1_0.id,ic1_0.cantidad,ic1_0.carrito_id,ic1_0.precio_unitario,ic1_0.producto_id from item_carrito ic1_0
Hibernate: select a1_0.id,a1_0.activo,a1_0.categoria_id,a1_0.nombre,a1_0.precio from adiciones a1_0
Hibernate: select c1_0.id,c1_0.description,c1_0.nombre from categorias c1_0 where c1_0.id=?
Hibernate: select c1_0.id,c1_0.description,c1_0.nombre from categorias c1_0 where c1_0.id=?
Hibernate: select c1_0.id,c1_0.description,c1_0.nombre from categorias c1_0 where c1_0.id=?
Hibernate: select c1_0.id,c1_0.description,c1_0.nombre from categorias c1_0 where c1_0.id=?
Hibernate: select c1_0.id,c1_0.description,c1_0.nombre from categorias c1_0 where c1_0.id=?
Hibernate: insert into seleccion_adicional (adicional_id,item_carrito_id,precio,id) values (?,?,?,default)
Hibernate: insert into seleccion_adicional (adicional_id,item_carrito_id,precio,id) values (?,?,?,default)
Hibernate: insert into seleccion_adicional (adicional_id,item_carrito_id,precio,id) values (?,?,?,default)
Hibernate: insert into seleccion_adicional (adicional_id,item_carrito_id,precio,id) values (?,?,?,default)
Hibernate: insert into seleccion_adicional (adicional_id,item_carrito_id,precio,id) values (?,?,?,default)
Hibernate: insert into seleccion_adicional (adicional_id,item_carrito_id,precio,id) values (?,?,?,default)
Hibernate: insert into seleccion_adicional (adicional_id,item_carrito_id,precio,id) values (?,?,?,default)
Hibernate: insert into seleccion_adicional (adicional_id,item_carrito_id,precio,id) values (?,?,?,default)
Hibernate: insert into seleccion_adicional (adicional_id,item_carrito_id,precio,id) values (?,?,?,default)
Hibernate: insert into seleccion_adicional (adicional_id,item_carrito_id,precio,id) values (?,?,?,default)
Hibernate: select count(*) from pedidos p1_0
Hibernate: select c1_0.id,c1_0.apellido,c1_0.contraseña_hash,c1_0.direccion,c1_0.email,c1_0.nombre,c1_0.telefono from clientes c1_0
Hibernate: select c1_0.id,c1_0.cliente_id,c1_0.ultima_actualizacion from carritos c1_0 where c1_0.cliente_id=?
Hibernate: select c1_0.id,c1_0.cliente_id,c1_0.ultima_actualizacion from carritos c1_0 where c1_0.cliente_id=?
Hibernate: select c1_0.id,c1_0.cliente_id,c1_0.ultima_actualizacion from carritos c1_0 where c1_0.cliente_id=?
Hibernate: select c1_0.id,c1_0.cliente_id,c1_0.ultima_actualizacion from carritos c1_0 where c1_0.cliente_id=?
Hibernate: select c1_0.id,c1_0.cliente_id,c1_0.ultima_actualizacion from carritos c1_0 where c1_0.cliente_id=?
Hibernate: select c1_0.id,c1_0.cliente_id,c1_0.ultima_actualizacion from carritos c1_0 where c1_0.cliente_id=?
Hibernate: select c1_0.id,c1_0.cliente_id,c1_0.ultima_actualizacion from carritos c1_0 where c1_0.cliente_id=?
Hibernate: select c1_0.id,c1_0.cliente_id,c1_0.ultima_actualizacion from carritos c1_0 where c1_0.cliente_id=?
Hibernate: select c1_0.id,c1_0.cliente_id,c1_0.ultima_actualizacion from carritos c1_0 where c1_0.cliente_id=?
Hibernate: select c1_0.id,c1_0.cliente_id,c1_0.ultima_actualizacion from carritos c1_0 where c1_0.cliente_id=?
Hibernate: select o1_0.id,o1_0.activo,o1_0.contraseña_hash,o1_0.nombre,o1_0.usuario from operadores o1_0
Hibernate: select d1_0.id,d1_0.activo,d1_0.cedula,d1_0.celular,d1_0.disponible,d1_0.nombre from domiciliarios d1_0
Hibernate: insert into pedidos (cantidad_adiciones,cantidad_productos,cliente_id,domiciliario_id,estado,fecha_creacion,fecha_entrega,operador_id,id) values (?,?,?,?,?,?,?,?,default)
Hibernate: insert into pedidos (cantidad_adiciones,cantidad_productos,cliente_id,domiciliario_id,estado,fecha_creacion,fecha_entrega,operador_id,id) values (?,?,?,?,?,?,?,?,default)
Hibernate: insert into pedidos (cantidad_adiciones,cantidad_productos,cliente_id,domiciliario_id,estado,fecha_creacion,fecha_entrega,operador_id,id) values (?,?,?,?,?,?,?,?,default)
Hibernate: insert into pedidos (cantidad_adiciones,cantidad_productos,cliente_id,domiciliario_id,estado,fecha_creacion,fecha_entrega,operador_id,id) values (?,?,?,?,?,?,?,?,default)
Hibernate: insert into pedidos (cantidad_adiciones,cantidad_productos,cliente_id,domiciliario_id,estado,fecha_creacion,fecha_entrega,operador_id,id) values (?,?,?,?,?,?,?,?,default)
Hibernate: insert into pedidos (cantidad_adiciones,cantidad_productos,cliente_id,domiciliario_id,estado,fecha_creacion,fecha_entrega,operador_id,id) values (?,?,?,?,?,?,?,?,default)
Hibernate: insert into pedidos (cantidad_adiciones,cantidad_productos,cliente_id,domiciliario_id,estado,fecha_creacion,fecha_entrega,operador_id,id) values (?,?,?,?,?,?,?,?,default)
Hibernate: insert into pedidos (cantidad_adiciones,cantidad_productos,cliente_id,domiciliario_id,estado,fecha_creacion,fecha_entrega,operador_id,id) values (?,?,?,?,?,?,?,?,default)
Hibernate: insert into pedidos (cantidad_adiciones,cantidad_productos,cliente_id,domiciliario_id,estado,fecha_creacion,fecha_entrega,operador_id,id) values (?,?,?,?,?,?,?,?,default)
Hibernate: insert into pedidos (cantidad_adiciones,cantidad_productos,cliente_id,domiciliario_id,estado,fecha_creacion,fecha_entrega,operador_id,id) values (?,?,?,?,?,?,?,?,default)
Hibernate: insert into pedidos (cantidad_adiciones,cantidad_productos,cliente_id,domiciliario_id,estado,fecha_creacion,fecha_entrega,operador_id,id) values (?,?,?,?,?,?,?,?,default)
Hibernate: insert into pedidos (cantidad_adiciones,cantidad_productos,cliente_id,domiciliario_id,estado,fecha_creacion,fecha_entrega,operador_id,id) values (?,?,?,?,?,?,?,?,default)
Hibernate: insert into pedidos (cantidad_adiciones,cantidad_productos,cliente_id,domiciliario_id,estado,fecha_creacion,fecha_entrega,operador_id,id) values (?,?,?,?,?,?,?,?,default)
Hibernate: insert into pedidos (cantidad_adiciones,cantidad_productos,cliente_id,domiciliario_id,estado,fecha_creacion,fecha_entrega,operador_id,id) values (?,?,?,?,?,?,?,?,default)
Hibernate: insert into pedidos (cantidad_adiciones,cantidad_productos,cliente_id,domiciliario_id,estado,fecha_creacion,fecha_entrega,operador_id,id) values (?,?,?,?,?,?,?,?,default)
Hibernate: insert into pedidos (cantidad_adiciones,cantidad_productos,cliente_id,domiciliario_id,estado,fecha_creacion,fecha_entrega,operador_id,id) values (?,?,?,?,?,?,?,?,default)
Hibernate: insert into pedidos (cantidad_adiciones,cantidad_productos,cliente_id,domiciliario_id,estado,fecha_creacion,fecha_entrega,operador_id,id) values (?,?,?,?,?,?,?,?,default)
Hibernate: insert into pedidos (cantidad_adiciones,cantidad_productos,cliente_id,domiciliario_id,estado,fecha_creacion,fecha_entrega,operador_id,id) values (?,?,?,?,?,?,?,?,default)
Hibernate: insert into pedidos (cantidad_adiciones,cantidad_productos,cliente_id,domiciliario_id,estado,fecha_creacion,fecha_entrega,operador_id,id) values (?,?,?,?,?,?,?,?,default)
Hibernate: insert into pedidos (cantidad_adiciones,cantidad_productos,cliente_id,domiciliario_id,estado,fecha_creacion,fecha_entrega,operador_id,id) values (?,?,?,?,?,?,?,?,default)
23:06:20.179 INFO  o.a.c.c.C.[.[.[/] - Initializing Spring DispatcherServlet 'dispatcherServlet'
23:06:20.179 INFO  o.s.w.s.DispatcherServlet - Initializing Servlet 'dispatcherServlet'
23:06:20.181 INFO  o.s.w.s.DispatcherServlet - Completed initialization in 2 ms
23:06:20.181 INFO  c.m.w.RequestLoggingFilter - >>> GET /api/pedidos/1
Hibernate: select p1_0.id,p1_0.cantidad_adiciones,p1_0.cantidad_productos,p1_0.cliente_id,p1_0.domiciliario_id,p1_0.estado,p1_0.fecha_creacion,p1_0.fecha_entrega,p1_0.operador_id from pedidos p1_0 where p1_0.id=?
Hibernate: select i1_0.pedido_id,i1_0.id,i1_0.cantidad,i1_0.precio_unitario,i1_0.producto_id from item_pedido i1_0 where i1_0.pedido_id=?
Hibernate: select c1_0.id,c1_0.apellido,c2_0.id,c2_0.cliente_id,c2_0.ultima_actualizacion,c1_0.contraseña_hash,c1_0.direccion,c1_0.email,c1_0.nombre,c1_0.telefono from clientes c1_0 left join carritos c2_0 on c1_0.id=c2_0.cliente_id where c1_0.id=?
